Archive member included to satisfy reference by file (symbol)

c:/winavr-20100110/bin/../lib/gcc/avr/7.3.0/avr5\libgcc.a(_mulsi3.o)
                              ./ECUAL/BMP/bmp180.o (__mulsi3)
c:/winavr-20100110/bin/../lib/gcc/avr/7.3.0/avr5\libgcc.a(_udivmodsi4.o)
                              ./ECUAL/BMP/bmp180.o (__udivmodsi4)
c:/winavr-20100110/bin/../lib/gcc/avr/7.3.0/avr5\libgcc.a(_divmodsi4.o)
                              ./ECUAL/BMP/bmp180.o (__divmodsi4)
c:/winavr-20100110/bin/../lib/gcc/avr/7.3.0/avr5\libgcc.a(_negsi2.o)
                              c:/winavr-20100110/bin/../lib/gcc/avr/7.3.0/avr5\libgcc.a(_divmodsi4.o) (__negsi2)
c:/winavr-20100110/bin/../lib/gcc/avr/7.3.0/avr5\libgcc.a(_exit.o)
                              c:/winavr-20100110/bin/../lib/gcc/avr/7.3.0/../../../../avr/lib/avr5/crtatmega32.o (exit)
c:/winavr-20100110/bin/../lib/gcc/avr/7.3.0/avr5\libgcc.a(_copy_data.o)
                              ./ECUAL/WHEELSPEED/a3144_wss.o (__do_copy_data)
c:/winavr-20100110/bin/../lib/gcc/avr/7.3.0/avr5\libgcc.a(_clear_bss.o)
                              ./MCAL/TIMER/timer.o (__do_clear_bss)
c:/winavr-20100110/bin/../lib/gcc/avr/7.3.0/avr5\libgcc.a(_muluhisi3.o)
                              ./ECUAL/BMP/bmp180.o (__muluhisi3)
c:/winavr-20100110/bin/../lib/gcc/avr/7.3.0/avr5\libgcc.a(_mulshisi3.o)
                              ./ECUAL/BMP/bmp180.o (__mulohisi3)
c:/winavr-20100110/bin/../lib/gcc/avr/7.3.0/avr5\libgcc.a(_umulhisi3.o)
                              c:/winavr-20100110/bin/../lib/gcc/avr/7.3.0/avr5\libgcc.a(_muluhisi3.o) (__umulhisi3)
c:/winavr-20100110/bin/../lib/gcc/avr/7.3.0/../../../../avr/lib/avr5\libm.a(addsf3.o)
                              ./ECUAL/BMP/bmp180.o (__addsf3)
c:/winavr-20100110/bin/../lib/gcc/avr/7.3.0/../../../../avr/lib/avr5\libm.a(addsf3x.o)
                              c:/winavr-20100110/bin/../lib/gcc/avr/7.3.0/../../../../avr/lib/avr5\libm.a(addsf3.o) (__addsf3x)
c:/winavr-20100110/bin/../lib/gcc/avr/7.3.0/../../../../avr/lib/avr5\libm.a(cmpsf2.o)
                              ./ECUAL/LCD/lcd.o (__ltsf2)
c:/winavr-20100110/bin/../lib/gcc/avr/7.3.0/../../../../avr/lib/avr5\libm.a(divsf3.o)
                              ./ECUAL/BMP/bmp180.o (__divsf3)
c:/winavr-20100110/bin/../lib/gcc/avr/7.3.0/../../../../avr/lib/avr5\libm.a(divsf3x.o)
                              c:/winavr-20100110/bin/../lib/gcc/avr/7.3.0/../../../../avr/lib/avr5\libm.a(divsf3.o) (__divsf3x)
c:/winavr-20100110/bin/../lib/gcc/avr/7.3.0/../../../../avr/lib/avr5\libm.a(fixsfsi.o)
                              ./ECUAL/BMP/bmp180.o (__fixsfsi)
c:/winavr-20100110/bin/../lib/gcc/avr/7.3.0/../../../../avr/lib/avr5\libm.a(fixunssfsi.o)
                              ./ECUAL/LCD/lcd.o (__fixunssfsi)
c:/winavr-20100110/bin/../lib/gcc/avr/7.3.0/../../../../avr/lib/avr5\libm.a(floatsisf.o)
                              ./ECUAL/BMP/bmp180.o (__floatunsisf)
c:/winavr-20100110/bin/../lib/gcc/avr/7.3.0/../../../../avr/lib/avr5\libm.a(fp_cmp.o)
                              c:/winavr-20100110/bin/../lib/gcc/avr/7.3.0/../../../../avr/lib/avr5\libm.a(cmpsf2.o) (__fp_cmp)
c:/winavr-20100110/bin/../lib/gcc/avr/7.3.0/../../../../avr/lib/avr5\libm.a(fp_inf.o)
                              c:/winavr-20100110/bin/../lib/gcc/avr/7.3.0/../../../../avr/lib/avr5\libm.a(addsf3x.o) (__fp_inf)
c:/winavr-20100110/bin/../lib/gcc/avr/7.3.0/../../../../avr/lib/avr5\libm.a(fp_nan.o)
                              c:/winavr-20100110/bin/../lib/gcc/avr/7.3.0/../../../../avr/lib/avr5\libm.a(addsf3x.o) (__fp_nan)
c:/winavr-20100110/bin/../lib/gcc/avr/7.3.0/../../../../avr/lib/avr5\libm.a(fp_pscA.o)
                              c:/winavr-20100110/bin/../lib/gcc/avr/7.3.0/../../../../avr/lib/avr5\libm.a(addsf3x.o) (__fp_pscA)
c:/winavr-20100110/bin/../lib/gcc/avr/7.3.0/../../../../avr/lib/avr5\libm.a(fp_pscB.o)
                              c:/winavr-20100110/bin/../lib/gcc/avr/7.3.0/../../../../avr/lib/avr5\libm.a(addsf3x.o) (__fp_pscB)
c:/winavr-20100110/bin/../lib/gcc/avr/7.3.0/../../../../avr/lib/avr5\libm.a(fp_round.o)
                              c:/winavr-20100110/bin/../lib/gcc/avr/7.3.0/../../../../avr/lib/avr5\libm.a(addsf3.o) (__fp_round)
c:/winavr-20100110/bin/../lib/gcc/avr/7.3.0/../../../../avr/lib/avr5\libm.a(fp_split3.o)
                              c:/winavr-20100110/bin/../lib/gcc/avr/7.3.0/../../../../avr/lib/avr5\libm.a(addsf3x.o) (__fp_split3)
c:/winavr-20100110/bin/../lib/gcc/avr/7.3.0/../../../../avr/lib/avr5\libm.a(fp_zero.o)
                              c:/winavr-20100110/bin/../lib/gcc/avr/7.3.0/../../../../avr/lib/avr5\libm.a(addsf3x.o) (__fp_zero)
c:/winavr-20100110/bin/../lib/gcc/avr/7.3.0/../../../../avr/lib/avr5\libm.a(gesf2.o)
                              ./ECUAL/LCD/lcd.o (__gtsf2)
c:/winavr-20100110/bin/../lib/gcc/avr/7.3.0/../../../../avr/lib/avr5\libm.a(mulsf3.o)
                              ./ECUAL/LCD/lcd.o (__mulsf3)
c:/winavr-20100110/bin/../lib/gcc/avr/7.3.0/../../../../avr/lib/avr5\libm.a(mulsf3x.o)
                              c:/winavr-20100110/bin/../lib/gcc/avr/7.3.0/../../../../avr/lib/avr5\libm.a(mulsf3.o) (__mulsf3x)
c:/winavr-20100110/bin/../lib/gcc/avr/7.3.0/../../../../avr/lib/avr5\libc.a(itoa.o)
                              ./ECUAL/LCD/lcd.o (itoa)
c:/winavr-20100110/bin/../lib/gcc/avr/7.3.0/../../../../avr/lib/avr5\libc.a(itoa_ncheck.o)
                              c:/winavr-20100110/bin/../lib/gcc/avr/7.3.0/../../../../avr/lib/avr5\libc.a(itoa.o) (__itoa_ncheck)
c:/winavr-20100110/bin/../lib/gcc/avr/7.3.0/../../../../avr/lib/avr5\libc.a(utoa_ncheck.o)
                              c:/winavr-20100110/bin/../lib/gcc/avr/7.3.0/../../../../avr/lib/avr5\libc.a(itoa_ncheck.o) (__utoa_common)
c:/winavr-20100110/bin/../lib/gcc/avr/7.3.0/../../../../avr/lib/avr5\libc.a(strrev.o)
                              c:/winavr-20100110/bin/../lib/gcc/avr/7.3.0/../../../../avr/lib/avr5\libc.a(utoa_ncheck.o) (strrev)

Memory Configuration

Name             Origin             Length             Attributes
text             0x0000000000000000 0x0000000000008000 xr
data             0x0000000000800060 0x0000000000000800 rw !x
eeprom           0x0000000000810000 0x0000000000000400 rw !x
fuse             0x0000000000820000 0x0000000000000002 rw !x
lock             0x0000000000830000 0x0000000000000400 rw !x
signature        0x0000000000840000 0x0000000000000400 rw !x
user_signatures  0x0000000000850000 0x0000000000000400 rw !x
*default*        0x0000000000000000 0xffffffffffffffff

Linker script and memory map

LOAD c:/winavr-20100110/bin/../lib/gcc/avr/7.3.0/../../../../avr/lib/avr5/crtatmega32.o
LOAD ./MCAL/TWI/twi.o
LOAD ./MCAL/TIMER/timer.o
LOAD ./MCAL/DIO/dio.o
LOAD ./ECUAL/WHEELSPEED/a3144_wss.o
LOAD ./ECUAL/LCD/lcd.o
LOAD ./ECUAL/BMP/bmp180.o
LOAD ./APPLICATION/APP_EarlyDetection.o
LOAD ./APPLICATION/APP_SteeringLock.o
START GROUP
LOAD c:/winavr-20100110/bin/../lib/gcc/avr/7.3.0/avr5\libgcc.a
LOAD c:/winavr-20100110/bin/../lib/gcc/avr/7.3.0/../../../../avr/lib/avr5\libm.a
LOAD c:/winavr-20100110/bin/../lib/gcc/avr/7.3.0/../../../../avr/lib/avr5\libc.a
LOAD c:/winavr-20100110/bin/../lib/gcc/avr/7.3.0/../../../../avr/lib/avr5\libatmega32.a
END GROUP
                0x0000000000000000                __TEXT_REGION_ORIGIN__ = DEFINED (__TEXT_REGION_ORIGIN__)?__TEXT_REGION_ORIGIN__:0x0
                [0x0000000000800060]                __DATA_REGION_ORIGIN__ = DEFINED (__DATA_REGION_ORIGIN__)?__DATA_REGION_ORIGIN__:0x800060
                [0x0000000000008000]                __TEXT_REGION_LENGTH__ = DEFINED (__TEXT_REGION_LENGTH__)?__TEXT_REGION_LENGTH__:0x20000
                [0x0000000000000800]                __DATA_REGION_LENGTH__ = DEFINED (__DATA_REGION_LENGTH__)?__DATA_REGION_LENGTH__:0xffa0
                [0x0000000000000400]                __EEPROM_REGION_LENGTH__ = DEFINED (__EEPROM_REGION_LENGTH__)?__EEPROM_REGION_LENGTH__:0x10000
                [0x0000000000000002]                __FUSE_REGION_LENGTH__ = DEFINED (__FUSE_REGION_LENGTH__)?__FUSE_REGION_LENGTH__:0x400
                0x0000000000000400                __LOCK_REGION_LENGTH__ = DEFINED (__LOCK_REGION_LENGTH__)?__LOCK_REGION_LENGTH__:0x400
                0x0000000000000400                __SIGNATURE_REGION_LENGTH__ = DEFINED (__SIGNATURE_REGION_LENGTH__)?__SIGNATURE_REGION_LENGTH__:0x400
                0x0000000000000400                __USER_SIGNATURE_REGION_LENGTH__ = DEFINED (__USER_SIGNATURE_REGION_LENGTH__)?__USER_SIGNATURE_REGION_LENGTH__:0x400

.hash
 *(.hash)

.dynsym
 *(.dynsym)

.dynstr
 *(.dynstr)

.gnu.version
 *(.gnu.version)

.gnu.version_d
 *(.gnu.version_d)

.gnu.version_r
 *(.gnu.version_r)

.rel.init
 *(.rel.init)

.rela.init
 *(.rela.init)

.rel.text
 *(.rel.text)
 *(.rel.text.*)
 *(.rel.gnu.linkonce.t*)

.rela.text
 *(.rela.text)
 *(.rela.text.*)
 *(.rela.gnu.linkonce.t*)

.rel.fini
 *(.rel.fini)

.rela.fini
 *(.rela.fini)

.rel.rodata
 *(.rel.rodata)
 *(.rel.rodata.*)
 *(.rel.gnu.linkonce.r*)

.rela.rodata
 *(.rela.rodata)
 *(.rela.rodata.*)
 *(.rela.gnu.linkonce.r*)

.rel.data
 *(.rel.data)
 *(.rel.data.*)
 *(.rel.gnu.linkonce.d*)

.rela.data
 *(.rela.data)
 *(.rela.data.*)
 *(.rela.gnu.linkonce.d*)

.rel.ctors
 *(.rel.ctors)

.rela.ctors
 *(.rela.ctors)

.rel.dtors
 *(.rel.dtors)

.rela.dtors
 *(.rela.dtors)

.rel.got
 *(.rel.got)

.rela.got
 *(.rela.got)

.rel.bss
 *(.rel.bss)

.rela.bss
 *(.rela.bss)

.rel.plt
 *(.rel.plt)

.rela.plt
 *(.rela.plt)

.text           0x0000000000000000     0x530a
 *(.vectors)
 .vectors       0x0000000000000000       0x54 c:/winavr-20100110/bin/../lib/gcc/avr/7.3.0/../../../../avr/lib/avr5/crtatmega32.o
                0x0000000000000000                __vector_default
                0x0000000000000000                __vectors
 *(.vectors)
 *(.progmem.gcc*)
                0x0000000000000054                . = ALIGN (0x2)
                0x0000000000000054                __trampolines_start = .
 *(.trampolines)
 .trampolines   0x0000000000000054        0x0 linker stubs
 *(.trampolines*)
                0x0000000000000054                __trampolines_end = .
 *libprintf_flt.a:*(.progmem.data)
 *libc.a:*(.progmem.data)
 *(.progmem*)
                0x0000000000000054                . = ALIGN (0x2)
 *(.jumptables)
 *(.jumptables*)
 *(.lowtext)
 *(.lowtext*)
                0x0000000000000054                __ctors_start = .
 *(.ctors)
                0x0000000000000054                __ctors_end = .
                0x0000000000000054                __dtors_start = .
 *(.dtors)
                0x0000000000000054                __dtors_end = .
 SORT(*)(.ctors)
 SORT(*)(.dtors)
 *(.init0)
 .init0         0x0000000000000054        0x0 c:/winavr-20100110/bin/../lib/gcc/avr/7.3.0/../../../../avr/lib/avr5/crtatmega32.o
                0x0000000000000054                __init
 *(.init0)
 *(.init1)
 *(.init1)
 *(.init2)
 .init2         0x0000000000000054        0xc c:/winavr-20100110/bin/../lib/gcc/avr/7.3.0/../../../../avr/lib/avr5/crtatmega32.o
 *(.init2)
 *(.init3)
 *(.init3)
 *(.init4)
 .init4         0x0000000000000060       0x16 c:/winavr-20100110/bin/../lib/gcc/avr/7.3.0/avr5\libgcc.a(_copy_data.o)
                0x0000000000000060                __do_copy_data
 .init4         0x0000000000000076       0x10 c:/winavr-20100110/bin/../lib/gcc/avr/7.3.0/avr5\libgcc.a(_clear_bss.o)
                0x0000000000000076                __do_clear_bss
 *(.init4)
 *(.init5)
 *(.init5)
 *(.init6)
 *(.init6)
 *(.init7)
 *(.init7)
 *(.init8)
 *(.init8)
 *(.init9)
 .init9         0x0000000000000086        0x8 c:/winavr-20100110/bin/../lib/gcc/avr/7.3.0/../../../../avr/lib/avr5/crtatmega32.o
 *(.init9)
 *(.text)
 .text          0x000000000000008e        0x4 c:/winavr-20100110/bin/../lib/gcc/avr/7.3.0/../../../../avr/lib/avr5/crtatmega32.o
                0x000000000000008e                __vector_12
                0x000000000000008e                __bad_interrupt
                0x000000000000008e                __vector_6
                0x000000000000008e                __vector_3
                0x000000000000008e                __vector_13
                0x000000000000008e                __vector_17
                0x000000000000008e                __vector_19
                0x000000000000008e                __vector_2
                0x000000000000008e                __vector_15
                0x000000000000008e                __vector_8
                0x000000000000008e                __vector_14
                0x000000000000008e                __vector_16
                0x000000000000008e                __vector_18
                0x000000000000008e                __vector_20
 .text          0x0000000000000092        0x0 ./MCAL/TWI/twi.o
 .text          0x0000000000000092        0x0 ./MCAL/TIMER/timer.o
 .text          0x0000000000000092        0x0 ./MCAL/DIO/dio.o
 .text          0x0000000000000092        0x0 ./ECUAL/WHEELSPEED/a3144_wss.o
 .text          0x0000000000000092        0x0 ./ECUAL/LCD/lcd.o
 .text          0x0000000000000092        0x0 ./ECUAL/BMP/bmp180.o
 .text          0x0000000000000092        0x0 ./APPLICATION/APP_EarlyDetection.o
 .text          0x0000000000000092        0x0 ./APPLICATION/APP_SteeringLock.o
 .text          0x0000000000000092        0x0 c:/winavr-20100110/bin/../lib/gcc/avr/7.3.0/avr5\libgcc.a(_mulsi3.o)
 .text          0x0000000000000092        0x0 c:/winavr-20100110/bin/../lib/gcc/avr/7.3.0/avr5\libgcc.a(_udivmodsi4.o)
 .text          0x0000000000000092        0x0 c:/winavr-20100110/bin/../lib/gcc/avr/7.3.0/avr5\libgcc.a(_divmodsi4.o)
 .text          0x0000000000000092        0x0 c:/winavr-20100110/bin/../lib/gcc/avr/7.3.0/avr5\libgcc.a(_negsi2.o)
 .text          0x0000000000000092        0x0 c:/winavr-20100110/bin/../lib/gcc/avr/7.3.0/avr5\libgcc.a(_exit.o)
 .text          0x0000000000000092        0x0 c:/winavr-20100110/bin/../lib/gcc/avr/7.3.0/avr5\libgcc.a(_copy_data.o)
 .text          0x0000000000000092        0x0 c:/winavr-20100110/bin/../lib/gcc/avr/7.3.0/avr5\libgcc.a(_clear_bss.o)
 .text          0x0000000000000092        0x0 c:/winavr-20100110/bin/../lib/gcc/avr/7.3.0/avr5\libgcc.a(_muluhisi3.o)
 .text          0x0000000000000092        0x0 c:/winavr-20100110/bin/../lib/gcc/avr/7.3.0/avr5\libgcc.a(_mulshisi3.o)
 .text          0x0000000000000092        0x0 c:/winavr-20100110/bin/../lib/gcc/avr/7.3.0/avr5\libgcc.a(_umulhisi3.o)
 .text          0x0000000000000092        0x0 c:/winavr-20100110/bin/../lib/gcc/avr/7.3.0/../../../../avr/lib/avr5\libm.a(addsf3.o)
 .text          0x0000000000000092        0x0 c:/winavr-20100110/bin/../lib/gcc/avr/7.3.0/../../../../avr/lib/avr5\libm.a(addsf3x.o)
 .text          0x0000000000000092        0x0 c:/winavr-20100110/bin/../lib/gcc/avr/7.3.0/../../../../avr/lib/avr5\libm.a(cmpsf2.o)
 .text          0x0000000000000092        0x0 c:/winavr-20100110/bin/../lib/gcc/avr/7.3.0/../../../../avr/lib/avr5\libm.a(divsf3.o)
 .text          0x0000000000000092        0x0 c:/winavr-20100110/bin/../lib/gcc/avr/7.3.0/../../../../avr/lib/avr5\libm.a(divsf3x.o)
 .text          0x0000000000000092        0x0 c:/winavr-20100110/bin/../lib/gcc/avr/7.3.0/../../../../avr/lib/avr5\libm.a(fixsfsi.o)
 .text          0x0000000000000092        0x0 c:/winavr-20100110/bin/../lib/gcc/avr/7.3.0/../../../../avr/lib/avr5\libm.a(fixunssfsi.o)
 .text          0x0000000000000092        0x0 c:/winavr-20100110/bin/../lib/gcc/avr/7.3.0/../../../../avr/lib/avr5\libm.a(floatsisf.o)
 .text          0x0000000000000092        0x0 c:/winavr-20100110/bin/../lib/gcc/avr/7.3.0/../../../../avr/lib/avr5\libm.a(fp_cmp.o)
 .text          0x0000000000000092        0x0 c:/winavr-20100110/bin/../lib/gcc/avr/7.3.0/../../../../avr/lib/avr5\libm.a(fp_inf.o)
 .text          0x0000000000000092        0x0 c:/winavr-20100110/bin/../lib/gcc/avr/7.3.0/../../../../avr/lib/avr5\libm.a(fp_nan.o)
 .text          0x0000000000000092        0x0 c:/winavr-20100110/bin/../lib/gcc/avr/7.3.0/../../../../avr/lib/avr5\libm.a(fp_pscA.o)
 .text          0x0000000000000092        0x0 c:/winavr-20100110/bin/../lib/gcc/avr/7.3.0/../../../../avr/lib/avr5\libm.a(fp_pscB.o)
 .text          0x0000000000000092        0x0 c:/winavr-20100110/bin/../lib/gcc/avr/7.3.0/../../../../avr/lib/avr5\libm.a(fp_round.o)
 .text          0x0000000000000092        0x0 c:/winavr-20100110/bin/../lib/gcc/avr/7.3.0/../../../../avr/lib/avr5\libm.a(fp_split3.o)
 .text          0x0000000000000092        0x0 c:/winavr-20100110/bin/../lib/gcc/avr/7.3.0/../../../../avr/lib/avr5\libm.a(fp_zero.o)
 .text          0x0000000000000092        0x0 c:/winavr-20100110/bin/../lib/gcc/avr/7.3.0/../../../../avr/lib/avr5\libm.a(gesf2.o)
 .text          0x0000000000000092        0x0 c:/winavr-20100110/bin/../lib/gcc/avr/7.3.0/../../../../avr/lib/avr5\libm.a(mulsf3.o)
 .text          0x0000000000000092        0x0 c:/winavr-20100110/bin/../lib/gcc/avr/7.3.0/../../../../avr/lib/avr5\libm.a(mulsf3x.o)
 .text          0x0000000000000092        0x0 c:/winavr-20100110/bin/../lib/gcc/avr/7.3.0/../../../../avr/lib/avr5\libc.a(itoa.o)
 .text          0x0000000000000092        0x0 c:/winavr-20100110/bin/../lib/gcc/avr/7.3.0/../../../../avr/lib/avr5\libc.a(itoa_ncheck.o)
 .text          0x0000000000000092        0x0 c:/winavr-20100110/bin/../lib/gcc/avr/7.3.0/../../../../avr/lib/avr5\libc.a(utoa_ncheck.o)
 .text          0x0000000000000092        0x0 c:/winavr-20100110/bin/../lib/gcc/avr/7.3.0/../../../../avr/lib/avr5\libc.a(strrev.o)
                0x0000000000000092                . = ALIGN (0x2)
 *(.text.*)
 .text.TWI_init
                0x0000000000000092       0x6c ./MCAL/TWI/twi.o
                0x0000000000000092                TWI_init
 .text.TWI_Start
                0x00000000000000fe       0x7c ./MCAL/TWI/twi.o
                0x00000000000000fe                TWI_Start
 .text.TWI_Repeated_start
                0x000000000000017a       0x7c ./MCAL/TWI/twi.o
                0x000000000000017a                TWI_Repeated_start
 .text.TWI_Start_Wait
                0x00000000000001f6       0x82 ./MCAL/TWI/twi.o
                0x00000000000001f6                TWI_Start_Wait
 .text.TWI_Stop
                0x0000000000000278       0x1a ./MCAL/TWI/twi.o
                0x0000000000000278                TWI_Stop
 .text.TWI_WriteByte
                0x0000000000000292       0x38 ./MCAL/TWI/twi.o
                0x0000000000000292                TWI_WriteByte
 .text.TWI_ReadByteWithACK
                0x00000000000002ca       0x2e ./MCAL/TWI/twi.o
                0x00000000000002ca                TWI_ReadByteWithACK
 .text.TWI_ReadByteWithNACK
                0x00000000000002f8       0x2e ./MCAL/TWI/twi.o
                0x00000000000002f8                TWI_ReadByteWithNACK
 .text.TWI_getStatus
                0x0000000000000326       0x20 ./MCAL/TWI/twi.o
                0x0000000000000326                TWI_getStatus
 .text.__vector_11
                0x0000000000000346       0x6a ./MCAL/TIMER/timer.o
                0x0000000000000346                __vector_11
 .text.__vector_10
                0x00000000000003b0       0x6a ./MCAL/TIMER/timer.o
                0x00000000000003b0                __vector_10
 .text.__vector_9
                0x000000000000041a       0x6a ./MCAL/TIMER/timer.o
                0x000000000000041a                __vector_9
 .text.__vector_7
                0x0000000000000484       0x6a ./MCAL/TIMER/timer.o
                0x0000000000000484                __vector_7
 .text.__vector_5
                0x00000000000004ee       0x6a ./MCAL/TIMER/timer.o
                0x00000000000004ee                __vector_5
 .text.__vector_4
                0x0000000000000558       0x6a ./MCAL/TIMER/timer.o
                0x0000000000000558                __vector_4
 .text.Timer_init
                0x00000000000005c2      0x300 ./MCAL/TIMER/timer.o
                0x00000000000005c2                Timer_init
 .text.Timer_deInit
                0x00000000000008c2      0x104 ./MCAL/TIMER/timer.o
                0x00000000000008c2                Timer_deInit
 .text.DIO_setupPinDirection
                0x00000000000009c6      0x1da ./MCAL/DIO/dio.o
                0x00000000000009c6                DIO_setupPinDirection
 .text.DIO_writePin
                0x0000000000000ba0      0x1da ./MCAL/DIO/dio.o
                0x0000000000000ba0                DIO_writePin
 .text.DIO_readPin
                0x0000000000000d7a      0x10e ./MCAL/DIO/dio.o
                0x0000000000000d7a                DIO_readPin
 .text.DIO_setupPortDirection
                0x0000000000000e88       0x74 ./MCAL/DIO/dio.o
                0x0000000000000e88                DIO_setupPortDirection
 .text.DIO_writePort
                0x0000000000000efc       0x74 ./MCAL/DIO/dio.o
                0x0000000000000efc                DIO_writePort
 .text.DIO_readPort
                0x0000000000000f70       0x74 ./MCAL/DIO/dio.o
                0x0000000000000f70                DIO_readPort
 .text.__vector_1
                0x0000000000000fe4       0x6a ./ECUAL/WHEELSPEED/a3144_wss.o
                0x0000000000000fe4                __vector_1
 .text.INT0_Init
                0x000000000000104e       0x3e ./ECUAL/WHEELSPEED/a3144_wss.o
                0x000000000000104e                INT0_Init
 .text.WSS_timeCounter
                0x000000000000108c       0x16 ./ECUAL/WHEELSPEED/a3144_wss.o
                0x000000000000108c                WSS_timeCounter
 .text.WSS_Init
                0x00000000000010a2       0x40 ./ECUAL/WHEELSPEED/a3144_wss.o
                0x00000000000010a2                WSS_Init
 .text.WSS_getRPM
                0x00000000000010e2       0x34 ./ECUAL/WHEELSPEED/a3144_wss.o
                0x00000000000010e2                WSS_getRPM
 .text.LCD_init
                0x0000000000001116      0x166 ./ECUAL/LCD/lcd.o
                0x0000000000001116                LCD_init
 .text.LCD_sendCommand
                0x000000000000127c      0x992 ./ECUAL/LCD/lcd.o
                0x000000000000127c                LCD_sendCommand
 .text.LCD_displayCharacter
                0x0000000000001c0e      0x992 ./ECUAL/LCD/lcd.o
                0x0000000000001c0e                LCD_displayCharacter
 .text.LCD_displayString
                0x00000000000025a0       0x54 ./ECUAL/LCD/lcd.o
                0x00000000000025a0                LCD_displayString
 .text.LCD_moveCursor
                0x00000000000025f4       0x68 ./ECUAL/LCD/lcd.o
                0x00000000000025f4                LCD_moveCursor
 .text.LCD_displayStringRowColumn
                0x000000000000265c       0x34 ./ECUAL/LCD/lcd.o
                0x000000000000265c                LCD_displayStringRowColumn
 .text.LCD_intgerToString
                0x0000000000002690       0x48 ./ECUAL/LCD/lcd.o
                0x0000000000002690                LCD_intgerToString
 .text.LCD_clearScreen
                0x00000000000026d8       0x16 ./ECUAL/LCD/lcd.o
                0x00000000000026d8                LCD_clearScreen
 .text.BMP180_ReadCalb
                0x00000000000026ee     0x1018 ./ECUAL/BMP/bmp180.o
                0x00000000000026ee                BMP180_ReadCalb
 .text.Get_UP   0x0000000000003706      0x1ea ./ECUAL/BMP/bmp180.o
                0x0000000000003706                Get_UP
 .text.Get_UT   0x00000000000038f0      0x1b0 ./ECUAL/BMP/bmp180.o
                0x00000000000038f0                Get_UT
 .text.BMP180_calculateTemperature
                0x0000000000003aa0      0x218 ./ECUAL/BMP/bmp180.o
                0x0000000000003aa0                BMP180_calculateTemperature
 .text.BMP180_calculatePressure
                0x0000000000003cb8      0x860 ./ECUAL/BMP/bmp180.o
                0x0000000000003cb8                BMP180_calculatePressure
 .text.BMP180_Start
                0x0000000000004518       0x14 ./ECUAL/BMP/bmp180.o
                0x0000000000004518                BMP180_Start
 .text.delay    0x000000000000452c      0x206 ./ECUAL/BMP/bmp180.o
                0x000000000000452c                delay
 .text.LCD_displayTemp
                0x0000000000004732       0xb8 ./APPLICATION/APP_EarlyDetection.o
                0x0000000000004732                LCD_displayTemp
 .text.LCD_displayPress
                0x00000000000047ea      0x10a ./APPLICATION/APP_EarlyDetection.o
                0x00000000000047ea                LCD_displayPress
 .text.LED_Buzzer_init
                0x00000000000048f4       0x4c ./APPLICATION/APP_EarlyDetection.o
                0x00000000000048f4                LED_Buzzer_init
 .text.EDS_ActionValid
                0x0000000000004940       0x24 ./APPLICATION/APP_EarlyDetection.o
                0x0000000000004940                EDS_ActionValid
 .text.EDS_ActionInvalid
                0x0000000000004964       0x24 ./APPLICATION/APP_EarlyDetection.o
                0x0000000000004964                EDS_ActionInvalid
 .text.EDS_Detection
                0x0000000000004988       0x86 ./APPLICATION/APP_EarlyDetection.o
                0x0000000000004988                EDS_Detection
 .text.main     0x0000000000004a0e      0x1a2 ./APPLICATION/APP_EarlyDetection.o
                0x0000000000004a0e                main
 .text.LCD_displayRPM
                0x0000000000004bb0      0x136 ./APPLICATION/APP_SteeringLock.o
                0x0000000000004bb0                LCD_displayRPM
 .text.Buzzer_init
                0x0000000000004ce6       0x24 ./APPLICATION/APP_SteeringLock.o
                0x0000000000004ce6                Buzzer_init
 .text.Buzzer_On
                0x0000000000004d0a       0x1a ./APPLICATION/APP_SteeringLock.o
                0x0000000000004d0a                Buzzer_On
 .text.libgcc.mul
                0x0000000000004d24       0x20 c:/winavr-20100110/bin/../lib/gcc/avr/7.3.0/avr5\libgcc.a(_mulsi3.o)
                0x0000000000004d24                __mulsi3
 .text.libgcc.div
                0x0000000000004d44        0x0 c:/winavr-20100110/bin/../lib/gcc/avr/7.3.0/avr5\libgcc.a(_mulsi3.o)
 .text.libgcc   0x0000000000004d44        0x0 c:/winavr-20100110/bin/../lib/gcc/avr/7.3.0/avr5\libgcc.a(_mulsi3.o)
 .text.libgcc.prologue
                0x0000000000004d44        0x0 c:/winavr-20100110/bin/../lib/gcc/avr/7.3.0/avr5\libgcc.a(_mulsi3.o)
 .text.libgcc.builtins
                0x0000000000004d44        0x0 c:/winavr-20100110/bin/../lib/gcc/avr/7.3.0/avr5\libgcc.a(_mulsi3.o)
 .text.libgcc.fmul
                0x0000000000004d44        0x0 c:/winavr-20100110/bin/../lib/gcc/avr/7.3.0/avr5\libgcc.a(_mulsi3.o)
 .text.libgcc.fixed
                0x0000000000004d44        0x0 c:/winavr-20100110/bin/../lib/gcc/avr/7.3.0/avr5\libgcc.a(_mulsi3.o)
 .text.libgcc.mul
                0x0000000000004d44        0x0 c:/winavr-20100110/bin/../lib/gcc/avr/7.3.0/avr5\libgcc.a(_udivmodsi4.o)
 .text.libgcc.div
                0x0000000000004d44       0x44 c:/winavr-20100110/bin/../lib/gcc/avr/7.3.0/avr5\libgcc.a(_udivmodsi4.o)
                0x0000000000004d44                __udivmodsi4
 .text.libgcc   0x0000000000004d88        0x0 c:/winavr-20100110/bin/../lib/gcc/avr/7.3.0/avr5\libgcc.a(_udivmodsi4.o)
 .text.libgcc.prologue
                0x0000000000004d88        0x0 c:/winavr-20100110/bin/../lib/gcc/avr/7.3.0/avr5\libgcc.a(_udivmodsi4.o)
 .text.libgcc.builtins
                0x0000000000004d88        0x0 c:/winavr-20100110/bin/../lib/gcc/avr/7.3.0/avr5\libgcc.a(_udivmodsi4.o)
 .text.libgcc.fmul
                0x0000000000004d88        0x0 c:/winavr-20100110/bin/../lib/gcc/avr/7.3.0/avr5\libgcc.a(_udivmodsi4.o)
 .text.libgcc.fixed
                0x0000000000004d88        0x0 c:/winavr-20100110/bin/../lib/gcc/avr/7.3.0/avr5\libgcc.a(_udivmodsi4.o)
 .text.libgcc.mul
                0x0000000000004d88        0x0 c:/winavr-20100110/bin/../lib/gcc/avr/7.3.0/avr5\libgcc.a(_divmodsi4.o)
 .text.libgcc.div
                0x0000000000004d88       0x2e c:/winavr-20100110/bin/../lib/gcc/avr/7.3.0/avr5\libgcc.a(_divmodsi4.o)
                0x0000000000004d88                __divmodsi4
 .text.libgcc   0x0000000000004db6        0x0 c:/winavr-20100110/bin/../lib/gcc/avr/7.3.0/avr5\libgcc.a(_divmodsi4.o)
 .text.libgcc.prologue
                0x0000000000004db6        0x0 c:/winavr-20100110/bin/../lib/gcc/avr/7.3.0/avr5\libgcc.a(_divmodsi4.o)
 .text.libgcc.builtins
                0x0000000000004db6        0x0 c:/winavr-20100110/bin/../lib/gcc/avr/7.3.0/avr5\libgcc.a(_divmodsi4.o)
 .text.libgcc.fmul
                0x0000000000004db6        0x0 c:/winavr-20100110/bin/../lib/gcc/avr/7.3.0/avr5\libgcc.a(_divmodsi4.o)
 .text.libgcc.fixed
                0x0000000000004db6        0x0 c:/winavr-20100110/bin/../lib/gcc/avr/7.3.0/avr5\libgcc.a(_divmodsi4.o)
 .text.libgcc.mul
                0x0000000000004db6        0x0 c:/winavr-20100110/bin/../lib/gcc/avr/7.3.0/avr5\libgcc.a(_negsi2.o)
 .text.libgcc.div
                0x0000000000004db6       0x10 c:/winavr-20100110/bin/../lib/gcc/avr/7.3.0/avr5\libgcc.a(_negsi2.o)
                0x0000000000004db6                __negsi2
 .text.libgcc   0x0000000000004dc6        0x0 c:/winavr-20100110/bin/../lib/gcc/avr/7.3.0/avr5\libgcc.a(_negsi2.o)
 .text.libgcc.prologue
                0x0000000000004dc6        0x0 c:/winavr-20100110/bin/../lib/gcc/avr/7.3.0/avr5\libgcc.a(_negsi2.o)
 .text.libgcc.builtins
                0x0000000000004dc6        0x0 c:/winavr-20100110/bin/../lib/gcc/avr/7.3.0/avr5\libgcc.a(_negsi2.o)
 .text.libgcc.fmul
                0x0000000000004dc6        0x0 c:/winavr-20100110/bin/../lib/gcc/avr/7.3.0/avr5\libgcc.a(_negsi2.o)
 .text.libgcc.fixed
                0x0000000000004dc6        0x0 c:/winavr-20100110/bin/../lib/gcc/avr/7.3.0/avr5\libgcc.a(_negsi2.o)
 .text.libgcc.mul
                0x0000000000004dc6        0x0 c:/winavr-20100110/bin/../lib/gcc/avr/7.3.0/avr5\libgcc.a(_exit.o)
 .text.libgcc.div
                0x0000000000004dc6        0x0 c:/winavr-20100110/bin/../lib/gcc/avr/7.3.0/avr5\libgcc.a(_exit.o)
 .text.libgcc   0x0000000000004dc6        0x0 c:/winavr-20100110/bin/../lib/gcc/avr/7.3.0/avr5\libgcc.a(_exit.o)
 .text.libgcc.prologue
                0x0000000000004dc6        0x0 c:/winavr-20100110/bin/../lib/gcc/avr/7.3.0/avr5\libgcc.a(_exit.o)
 .text.libgcc.builtins
                0x0000000000004dc6        0x0 c:/winavr-20100110/bin/../lib/gcc/avr/7.3.0/avr5\libgcc.a(_exit.o)
 .text.libgcc.fmul
                0x0000000000004dc6        0x0 c:/winavr-20100110/bin/../lib/gcc/avr/7.3.0/avr5\libgcc.a(_exit.o)
 .text.libgcc.fixed
                0x0000000000004dc6        0x0 c:/winavr-20100110/bin/../lib/gcc/avr/7.3.0/avr5\libgcc.a(_exit.o)
 .text.libgcc.mul
                0x0000000000004dc6        0x0 c:/winavr-20100110/bin/../lib/gcc/avr/7.3.0/avr5\libgcc.a(_copy_data.o)
 .text.libgcc.div
                0x0000000000004dc6        0x0 c:/winavr-20100110/bin/../lib/gcc/avr/7.3.0/avr5\libgcc.a(_copy_data.o)
 .text.libgcc   0x0000000000004dc6        0x0 c:/winavr-20100110/bin/../lib/gcc/avr/7.3.0/avr5\libgcc.a(_copy_data.o)
 .text.libgcc.prologue
                0x0000000000004dc6        0x0 c:/winavr-20100110/bin/../lib/gcc/avr/7.3.0/avr5\libgcc.a(_copy_data.o)
 .text.libgcc.builtins
                0x0000000000004dc6        0x0 c:/winavr-20100110/bin/../lib/gcc/avr/7.3.0/avr5\libgcc.a(_copy_data.o)
 .text.libgcc.fmul
                0x0000000000004dc6        0x0 c:/winavr-20100110/bin/../lib/gcc/avr/7.3.0/avr5\libgcc.a(_copy_data.o)
 .text.libgcc.fixed
                0x0000000000004dc6        0x0 c:/winavr-20100110/bin/../lib/gcc/avr/7.3.0/avr5\libgcc.a(_copy_data.o)
 .text.libgcc.mul
                0x0000000000004dc6        0x0 c:/winavr-20100110/bin/../lib/gcc/avr/7.3.0/avr5\libgcc.a(_clear_bss.o)
 .text.libgcc.div
                0x0000000000004dc6        0x0 c:/winavr-20100110/bin/../lib/gcc/avr/7.3.0/avr5\libgcc.a(_clear_bss.o)
 .text.libgcc   0x0000000000004dc6        0x0 c:/winavr-20100110/bin/../lib/gcc/avr/7.3.0/avr5\libgcc.a(_clear_bss.o)
 .text.libgcc.prologue
                0x0000000000004dc6        0x0 c:/winavr-20100110/bin/../lib/gcc/avr/7.3.0/avr5\libgcc.a(_clear_bss.o)
 .text.libgcc.builtins
                0x0000000000004dc6        0x0 c:/winavr-20100110/bin/../lib/gcc/avr/7.3.0/avr5\libgcc.a(_clear_bss.o)
 .text.libgcc.fmul
                0x0000000000004dc6        0x0 c:/winavr-20100110/bin/../lib/gcc/avr/7.3.0/avr5\libgcc.a(_clear_bss.o)
 .text.libgcc.fixed
                0x0000000000004dc6        0x0 c:/winavr-20100110/bin/../lib/gcc/avr/7.3.0/avr5\libgcc.a(_clear_bss.o)
 .text.libgcc.mul
                0x0000000000004dc6       0x16 c:/winavr-20100110/bin/../lib/gcc/avr/7.3.0/avr5\libgcc.a(_muluhisi3.o)
                0x0000000000004dc6                __muluhisi3
 .text.libgcc.div
                0x0000000000004ddc        0x0 c:/winavr-20100110/bin/../lib/gcc/avr/7.3.0/avr5\libgcc.a(_muluhisi3.o)
 .text.libgcc   0x0000000000004ddc        0x0 c:/winavr-20100110/bin/../lib/gcc/avr/7.3.0/avr5\libgcc.a(_muluhisi3.o)
 .text.libgcc.prologue
                0x0000000000004ddc        0x0 c:/winavr-20100110/bin/../lib/gcc/avr/7.3.0/avr5\libgcc.a(_muluhisi3.o)
 .text.libgcc.builtins
                0x0000000000004ddc        0x0 c:/winavr-20100110/bin/../lib/gcc/avr/7.3.0/avr5\libgcc.a(_muluhisi3.o)
 .text.libgcc.fmul
                0x0000000000004ddc        0x0 c:/winavr-20100110/bin/../lib/gcc/avr/7.3.0/avr5\libgcc.a(_muluhisi3.o)
 .text.libgcc.fixed
                0x0000000000004ddc        0x0 c:/winavr-20100110/bin/../lib/gcc/avr/7.3.0/avr5\libgcc.a(_muluhisi3.o)
 .text.libgcc.mul
                0x0000000000004ddc       0x10 c:/winavr-20100110/bin/../lib/gcc/avr/7.3.0/avr5\libgcc.a(_mulshisi3.o)
                0x0000000000004ddc                __mulshisi3
                0x0000000000004de2                __mulohisi3
 .text.libgcc.div
                0x0000000000004dec        0x0 c:/winavr-20100110/bin/../lib/gcc/avr/7.3.0/avr5\libgcc.a(_mulshisi3.o)
 .text.libgcc   0x0000000000004dec        0x0 c:/winavr-20100110/bin/../lib/gcc/avr/7.3.0/avr5\libgcc.a(_mulshisi3.o)
 .text.libgcc.prologue
                0x0000000000004dec        0x0 c:/winavr-20100110/bin/../lib/gcc/avr/7.3.0/avr5\libgcc.a(_mulshisi3.o)
 .text.libgcc.builtins
                0x0000000000004dec        0x0 c:/winavr-20100110/bin/../lib/gcc/avr/7.3.0/avr5\libgcc.a(_mulshisi3.o)
 .text.libgcc.fmul
                0x0000000000004dec        0x0 c:/winavr-20100110/bin/../lib/gcc/avr/7.3.0/avr5\libgcc.a(_mulshisi3.o)
 .text.libgcc.fixed
                0x0000000000004dec        0x0 c:/winavr-20100110/bin/../lib/gcc/avr/7.3.0/avr5\libgcc.a(_mulshisi3.o)
 .text.libgcc.mul
                0x0000000000004dec       0x1e c:/winavr-20100110/bin/../lib/gcc/avr/7.3.0/avr5\libgcc.a(_umulhisi3.o)
                0x0000000000004dec                __umulhisi3
 .text.libgcc.div
                0x0000000000004e0a        0x0 c:/winavr-20100110/bin/../lib/gcc/avr/7.3.0/avr5\libgcc.a(_umulhisi3.o)
 .text.libgcc   0x0000000000004e0a        0x0 c:/winavr-20100110/bin/../lib/gcc/avr/7.3.0/avr5\libgcc.a(_umulhisi3.o)
 .text.libgcc.prologue
                0x0000000000004e0a        0x0 c:/winavr-20100110/bin/../lib/gcc/avr/7.3.0/avr5\libgcc.a(_umulhisi3.o)
 .text.libgcc.builtins
                0x0000000000004e0a        0x0 c:/winavr-20100110/bin/../lib/gcc/avr/7.3.0/avr5\libgcc.a(_umulhisi3.o)
 .text.libgcc.fmul
                0x0000000000004e0a        0x0 c:/winavr-20100110/bin/../lib/gcc/avr/7.3.0/avr5\libgcc.a(_umulhisi3.o)
 .text.libgcc.fixed
                0x0000000000004e0a        0x0 c:/winavr-20100110/bin/../lib/gcc/avr/7.3.0/avr5\libgcc.a(_umulhisi3.o)
 .text.avr-libc.fplib
                0x0000000000004e0a        0xe c:/winavr-20100110/bin/../lib/gcc/avr/7.3.0/../../../../avr/lib/avr5\libm.a(addsf3.o)
                0x0000000000004e0a                __subsf3
                0x0000000000004e0c                __addsf3
 .text.avr-libc.fplib
                0x0000000000004e18       0xcc c:/winavr-20100110/bin/../lib/gcc/avr/7.3.0/../../../../avr/lib/avr5\libm.a(addsf3x.o)
                0x0000000000004e3a                __addsf3x
 .text.avr-libc.fplib
                0x0000000000004ee4        0xa c:/winavr-20100110/bin/../lib/gcc/avr/7.3.0/../../../../avr/lib/avr5\libm.a(cmpsf2.o)
                0x0000000000004ee4                __nesf2
                0x0000000000004ee4                __eqsf2
                0x0000000000004ee4                __cmpsf2
                0x0000000000004ee4                __ltsf2
                0x0000000000004ee4                __lesf2
 .text.avr-libc.fplib
                0x0000000000004eee        0x8 c:/winavr-20100110/bin/../lib/gcc/avr/7.3.0/../../../../avr/lib/avr5\libm.a(divsf3.o)
                0x0000000000004eee                __divsf3
 .text.avr-libc.fplib
                0x0000000000004ef6       0xdc c:/winavr-20100110/bin/../lib/gcc/avr/7.3.0/../../../../avr/lib/avr5\libm.a(divsf3x.o)
                0x0000000000004f16                __divsf3x
                0x0000000000004f1c                __divsf3_pse
 .text.avr-libc.fplib
                0x0000000000004fd2        0xe c:/winavr-20100110/bin/../lib/gcc/avr/7.3.0/../../../../avr/lib/avr5\libm.a(fixsfsi.o)
                0x0000000000004fd2                __fixsfsi
 .text.avr-libc.fplib
                0x0000000000004fe0       0x5e c:/winavr-20100110/bin/../lib/gcc/avr/7.3.0/../../../../avr/lib/avr5\libm.a(fixunssfsi.o)
                0x0000000000004fe0                __fixunssfsi
 .text.avr-libc.fplib
                0x000000000000503e       0x7a c:/winavr-20100110/bin/../lib/gcc/avr/7.3.0/../../../../avr/lib/avr5\libm.a(floatsisf.o)
                0x000000000000503e                __floatunsisf
                0x0000000000005042                __floatsisf
 .text.avr-libc.fplib
                0x00000000000050b8       0x48 c:/winavr-20100110/bin/../lib/gcc/avr/7.3.0/../../../../avr/lib/avr5\libm.a(fp_cmp.o)
                0x00000000000050b8                __fp_cmp
 .text.avr-libc.fplib
                0x0000000000005100        0xc c:/winavr-20100110/bin/../lib/gcc/avr/7.3.0/../../../../avr/lib/avr5\libm.a(fp_inf.o)
                0x0000000000005100                __fp_inf
 .text.avr-libc.fplib
                0x000000000000510c        0x6 c:/winavr-20100110/bin/../lib/gcc/avr/7.3.0/../../../../avr/lib/avr5\libm.a(fp_nan.o)
                0x000000000000510c                __fp_nan
 .text.avr-libc.fplib
                0x0000000000005112        0xe c:/winavr-20100110/bin/../lib/gcc/avr/7.3.0/../../../../avr/lib/avr5\libm.a(fp_pscA.o)
                0x0000000000005112                __fp_pscA
 .text.avr-libc.fplib
                0x0000000000005120        0xe c:/winavr-20100110/bin/../lib/gcc/avr/7.3.0/../../../../avr/lib/avr5\libm.a(fp_pscB.o)
                0x0000000000005120                __fp_pscB
 .text.avr-libc.fplib
                0x000000000000512e       0x22 c:/winavr-20100110/bin/../lib/gcc/avr/7.3.0/../../../../avr/lib/avr5\libm.a(fp_round.o)
                0x000000000000512e                __fp_round
 .text.avr-libc.fplib
                0x0000000000005150       0x44 c:/winavr-20100110/bin/../lib/gcc/avr/7.3.0/../../../../avr/lib/avr5\libm.a(fp_split3.o)
                0x0000000000005150                __fp_split3
                0x0000000000005160                __fp_splitA
 .text.avr-libc.fplib
                0x0000000000005194        0xe c:/winavr-20100110/bin/../lib/gcc/avr/7.3.0/../../../../avr/lib/avr5\libm.a(fp_zero.o)
                0x0000000000005194                __fp_zero
                0x0000000000005196                __fp_szero
 .text.avr-libc.fplib
                0x00000000000051a2        0xa c:/winavr-20100110/bin/../lib/gcc/avr/7.3.0/../../../../avr/lib/avr5\libm.a(gesf2.o)
                0x00000000000051a2                __gesf2
                0x00000000000051a2                __gtsf2
 .text.avr-libc.fplib
                0x00000000000051ac        0x8 c:/winavr-20100110/bin/../lib/gcc/avr/7.3.0/../../../../avr/lib/avr5\libm.a(mulsf3.o)
                0x00000000000051ac                __mulsf3
 .text.avr-libc.fplib
                0x00000000000051b4       0xd2 c:/winavr-20100110/bin/../lib/gcc/avr/7.3.0/../../../../avr/lib/avr5\libm.a(mulsf3x.o)
                0x00000000000051d2                __mulsf3x
                0x00000000000051d8                __mulsf3_pse
 .text.avr-libc
                0x0000000000005286       0x16 c:/winavr-20100110/bin/../lib/gcc/avr/7.3.0/../../../../avr/lib/avr5\libc.a(itoa.o)
                0x0000000000005286                __itoa
                0x0000000000005286                itoa
 .text.avr-libc
                0x000000000000529c       0x16 c:/winavr-20100110/bin/../lib/gcc/avr/7.3.0/../../../../avr/lib/avr5\libc.a(itoa_ncheck.o)
                0x000000000000529c                __itoa_ncheck
 .text.avr-libc
                0x00000000000052b2       0x34 c:/winavr-20100110/bin/../lib/gcc/avr/7.3.0/../../../../avr/lib/avr5\libc.a(utoa_ncheck.o)
                0x00000000000052b2                __utoa_ncheck
                0x00000000000052b4                __utoa_common
 .text.avr-libc
                0x00000000000052e6       0x20 c:/winavr-20100110/bin/../lib/gcc/avr/7.3.0/../../../../avr/lib/avr5\libc.a(strrev.o)
                0x00000000000052e6                strrev
                0x0000000000005306                . = ALIGN (0x2)
 *(.fini9)
 .fini9         0x0000000000005306        0x0 c:/winavr-20100110/bin/../lib/gcc/avr/7.3.0/avr5\libgcc.a(_exit.o)
                0x0000000000005306                _exit
                0x0000000000005306                exit
 *(.fini9)
 *(.fini8)
 *(.fini8)
 *(.fini7)
 *(.fini7)
 *(.fini6)
 *(.fini6)
 *(.fini5)
 *(.fini5)
 *(.fini4)
 *(.fini4)
 *(.fini3)
 *(.fini3)
 *(.fini2)
 *(.fini2)
 *(.fini1)
 *(.fini1)
 *(.fini0)
 .fini0         0x0000000000005306        0x4 c:/winavr-20100110/bin/../lib/gcc/avr/7.3.0/avr5\libgcc.a(_exit.o)
 *(.fini0)
                0x000000000000530a                _etext = .

.data           0x0000000000800060       0x2e load address 0x000000000000530a
                0x0000000000800060                PROVIDE (__data_start, .)
 *(.data)
 .data          0x0000000000800060        0x0 c:/winavr-20100110/bin/../lib/gcc/avr/7.3.0/../../../../avr/lib/avr5/crtatmega32.o
 .data          0x0000000000800060        0x0 ./MCAL/TWI/twi.o
 .data          0x0000000000800060        0x0 ./MCAL/TIMER/timer.o
 .data          0x0000000000800060        0x0 ./MCAL/DIO/dio.o
 .data          0x0000000000800060        0x0 ./ECUAL/WHEELSPEED/a3144_wss.o
 .data          0x0000000000800060        0x0 ./ECUAL/LCD/lcd.o
 .data          0x0000000000800060        0x0 ./ECUAL/BMP/bmp180.o
 .data          0x0000000000800060        0x0 ./APPLICATION/APP_EarlyDetection.o
 .data          0x0000000000800060        0x0 ./APPLICATION/APP_SteeringLock.o
 .data          0x0000000000800060        0x0 c:/winavr-20100110/bin/../lib/gcc/avr/7.3.0/avr5\libgcc.a(_mulsi3.o)
 .data          0x0000000000800060        0x0 c:/winavr-20100110/bin/../lib/gcc/avr/7.3.0/avr5\libgcc.a(_udivmodsi4.o)
 .data          0x0000000000800060        0x0 c:/winavr-20100110/bin/../lib/gcc/avr/7.3.0/avr5\libgcc.a(_divmodsi4.o)
 .data          0x0000000000800060        0x0 c:/winavr-20100110/bin/../lib/gcc/avr/7.3.0/avr5\libgcc.a(_negsi2.o)
 .data          0x0000000000800060        0x0 c:/winavr-20100110/bin/../lib/gcc/avr/7.3.0/avr5\libgcc.a(_exit.o)
 .data          0x0000000000800060        0x0 c:/winavr-20100110/bin/../lib/gcc/avr/7.3.0/avr5\libgcc.a(_copy_data.o)
 .data          0x0000000000800060        0x0 c:/winavr-20100110/bin/../lib/gcc/avr/7.3.0/avr5\libgcc.a(_clear_bss.o)
 .data          0x0000000000800060        0x0 c:/winavr-20100110/bin/../lib/gcc/avr/7.3.0/avr5\libgcc.a(_muluhisi3.o)
 .data          0x0000000000800060        0x0 c:/winavr-20100110/bin/../lib/gcc/avr/7.3.0/avr5\libgcc.a(_mulshisi3.o)
 .data          0x0000000000800060        0x0 c:/winavr-20100110/bin/../lib/gcc/avr/7.3.0/avr5\libgcc.a(_umulhisi3.o)
 .data          0x0000000000800060        0x0 c:/winavr-20100110/bin/../lib/gcc/avr/7.3.0/../../../../avr/lib/avr5\libm.a(addsf3.o)
 .data          0x0000000000800060        0x0 c:/winavr-20100110/bin/../lib/gcc/avr/7.3.0/../../../../avr/lib/avr5\libm.a(addsf3x.o)
 .data          0x0000000000800060        0x0 c:/winavr-20100110/bin/../lib/gcc/avr/7.3.0/../../../../avr/lib/avr5\libm.a(cmpsf2.o)
 .data          0x0000000000800060        0x0 c:/winavr-20100110/bin/../lib/gcc/avr/7.3.0/../../../../avr/lib/avr5\libm.a(divsf3.o)
 .data          0x0000000000800060        0x0 c:/winavr-20100110/bin/../lib/gcc/avr/7.3.0/../../../../avr/lib/avr5\libm.a(divsf3x.o)
 .data          0x0000000000800060        0x0 c:/winavr-20100110/bin/../lib/gcc/avr/7.3.0/../../../../avr/lib/avr5\libm.a(fixsfsi.o)
 .data          0x0000000000800060        0x0 c:/winavr-20100110/bin/../lib/gcc/avr/7.3.0/../../../../avr/lib/avr5\libm.a(fixunssfsi.o)
 .data          0x0000000000800060        0x0 c:/winavr-20100110/bin/../lib/gcc/avr/7.3.0/../../../../avr/lib/avr5\libm.a(floatsisf.o)
 .data          0x0000000000800060        0x0 c:/winavr-20100110/bin/../lib/gcc/avr/7.3.0/../../../../avr/lib/avr5\libm.a(fp_cmp.o)
 .data          0x0000000000800060        0x0 c:/winavr-20100110/bin/../lib/gcc/avr/7.3.0/../../../../avr/lib/avr5\libm.a(fp_inf.o)
 .data          0x0000000000800060        0x0 c:/winavr-20100110/bin/../lib/gcc/avr/7.3.0/../../../../avr/lib/avr5\libm.a(fp_nan.o)
 .data          0x0000000000800060        0x0 c:/winavr-20100110/bin/../lib/gcc/avr/7.3.0/../../../../avr/lib/avr5\libm.a(fp_pscA.o)
 .data          0x0000000000800060        0x0 c:/winavr-20100110/bin/../lib/gcc/avr/7.3.0/../../../../avr/lib/avr5\libm.a(fp_pscB.o)
 .data          0x0000000000800060        0x0 c:/winavr-20100110/bin/../lib/gcc/avr/7.3.0/../../../../avr/lib/avr5\libm.a(fp_round.o)
 .data          0x0000000000800060        0x0 c:/winavr-20100110/bin/../lib/gcc/avr/7.3.0/../../../../avr/lib/avr5\libm.a(fp_split3.o)
 .data          0x0000000000800060        0x0 c:/winavr-20100110/bin/../lib/gcc/avr/7.3.0/../../../../avr/lib/avr5\libm.a(fp_zero.o)
 .data          0x0000000000800060        0x0 c:/winavr-20100110/bin/../lib/gcc/avr/7.3.0/../../../../avr/lib/avr5\libm.a(gesf2.o)
 .data          0x0000000000800060        0x0 c:/winavr-20100110/bin/../lib/gcc/avr/7.3.0/../../../../avr/lib/avr5\libm.a(mulsf3.o)
 .data          0x0000000000800060        0x0 c:/winavr-20100110/bin/../lib/gcc/avr/7.3.0/../../../../avr/lib/avr5\libm.a(mulsf3x.o)
 .data          0x0000000000800060        0x0 c:/winavr-20100110/bin/../lib/gcc/avr/7.3.0/../../../../avr/lib/avr5\libc.a(itoa.o)
 .data          0x0000000000800060        0x0 c:/winavr-20100110/bin/../lib/gcc/avr/7.3.0/../../../../avr/lib/avr5\libc.a(itoa_ncheck.o)
 .data          0x0000000000800060        0x0 c:/winavr-20100110/bin/../lib/gcc/avr/7.3.0/../../../../avr/lib/avr5\libc.a(utoa_ncheck.o)
 .data          0x0000000000800060        0x0 c:/winavr-20100110/bin/../lib/gcc/avr/7.3.0/../../../../avr/lib/avr5\libc.a(strrev.o)
 *(.data*)
 *(.gnu.linkonce.d*)
 *(.rodata)
 .rodata        0x0000000000800060        0x9 ./ECUAL/WHEELSPEED/a3144_wss.o
 .rodata        0x0000000000800069       0x24 ./APPLICATION/APP_EarlyDetection.o
 *(.rodata*)
 *(.gnu.linkonce.r*)
                0x000000000080008e                . = ALIGN (0x2)
 *fill*         0x000000000080008d        0x1 
                0x000000000080008e                _edata = .
                0x000000000080008e                PROVIDE (__data_end, .)

.bss            0x000000000080008e       0x4d
                0x000000000080008e                PROVIDE (__bss_start, .)
 *(.bss)
 .bss           0x000000000080008e        0x0 c:/winavr-20100110/bin/../lib/gcc/avr/7.3.0/../../../../avr/lib/avr5/crtatmega32.o
 .bss           0x000000000080008e        0x0 ./MCAL/TWI/twi.o
 .bss           0x000000000080008e        0x0 ./MCAL/TIMER/timer.o
 .bss           0x000000000080008e        0x0 ./MCAL/DIO/dio.o
 .bss           0x000000000080008e        0x0 ./ECUAL/WHEELSPEED/a3144_wss.o
 .bss           0x000000000080008e        0x0 ./ECUAL/LCD/lcd.o
 .bss           0x000000000080008e        0x0 ./ECUAL/BMP/bmp180.o
 .bss           0x000000000080008e        0x0 ./APPLICATION/APP_EarlyDetection.o
 .bss           0x000000000080008e        0x0 ./APPLICATION/APP_SteeringLock.o
 .bss           0x000000000080008e        0x0 c:/winavr-20100110/bin/../lib/gcc/avr/7.3.0/avr5\libgcc.a(_mulsi3.o)
 .bss           0x000000000080008e        0x0 c:/winavr-20100110/bin/../lib/gcc/avr/7.3.0/avr5\libgcc.a(_udivmodsi4.o)
 .bss           0x000000000080008e        0x0 c:/winavr-20100110/bin/../lib/gcc/avr/7.3.0/avr5\libgcc.a(_divmodsi4.o)
 .bss           0x000000000080008e        0x0 c:/winavr-20100110/bin/../lib/gcc/avr/7.3.0/avr5\libgcc.a(_negsi2.o)
 .bss           0x000000000080008e        0x0 c:/winavr-20100110/bin/../lib/gcc/avr/7.3.0/avr5\libgcc.a(_exit.o)
 .bss           0x000000000080008e        0x0 c:/winavr-20100110/bin/../lib/gcc/avr/7.3.0/avr5\libgcc.a(_copy_data.o)
 .bss           0x000000000080008e        0x0 c:/winavr-20100110/bin/../lib/gcc/avr/7.3.0/avr5\libgcc.a(_clear_bss.o)
 .bss           0x000000000080008e        0x0 c:/winavr-20100110/bin/../lib/gcc/avr/7.3.0/avr5\libgcc.a(_muluhisi3.o)
 .bss           0x000000000080008e        0x0 c:/winavr-20100110/bin/../lib/gcc/avr/7.3.0/avr5\libgcc.a(_mulshisi3.o)
 .bss           0x000000000080008e        0x0 c:/winavr-20100110/bin/../lib/gcc/avr/7.3.0/avr5\libgcc.a(_umulhisi3.o)
 .bss           0x000000000080008e        0x0 c:/winavr-20100110/bin/../lib/gcc/avr/7.3.0/../../../../avr/lib/avr5\libm.a(addsf3.o)
 .bss           0x000000000080008e        0x0 c:/winavr-20100110/bin/../lib/gcc/avr/7.3.0/../../../../avr/lib/avr5\libm.a(addsf3x.o)
 .bss           0x000000000080008e        0x0 c:/winavr-20100110/bin/../lib/gcc/avr/7.3.0/../../../../avr/lib/avr5\libm.a(cmpsf2.o)
 .bss           0x000000000080008e        0x0 c:/winavr-20100110/bin/../lib/gcc/avr/7.3.0/../../../../avr/lib/avr5\libm.a(divsf3.o)
 .bss           0x000000000080008e        0x0 c:/winavr-20100110/bin/../lib/gcc/avr/7.3.0/../../../../avr/lib/avr5\libm.a(divsf3x.o)
 .bss           0x000000000080008e        0x0 c:/winavr-20100110/bin/../lib/gcc/avr/7.3.0/../../../../avr/lib/avr5\libm.a(fixsfsi.o)
 .bss           0x000000000080008e        0x0 c:/winavr-20100110/bin/../lib/gcc/avr/7.3.0/../../../../avr/lib/avr5\libm.a(fixunssfsi.o)
 .bss           0x000000000080008e        0x0 c:/winavr-20100110/bin/../lib/gcc/avr/7.3.0/../../../../avr/lib/avr5\libm.a(floatsisf.o)
 .bss           0x000000000080008e        0x0 c:/winavr-20100110/bin/../lib/gcc/avr/7.3.0/../../../../avr/lib/avr5\libm.a(fp_cmp.o)
 .bss           0x000000000080008e        0x0 c:/winavr-20100110/bin/../lib/gcc/avr/7.3.0/../../../../avr/lib/avr5\libm.a(fp_inf.o)
 .bss           0x000000000080008e        0x0 c:/winavr-20100110/bin/../lib/gcc/avr/7.3.0/../../../../avr/lib/avr5\libm.a(fp_nan.o)
 .bss           0x000000000080008e        0x0 c:/winavr-20100110/bin/../lib/gcc/avr/7.3.0/../../../../avr/lib/avr5\libm.a(fp_pscA.o)
 .bss           0x000000000080008e        0x0 c:/winavr-20100110/bin/../lib/gcc/avr/7.3.0/../../../../avr/lib/avr5\libm.a(fp_pscB.o)
 .bss           0x000000000080008e        0x0 c:/winavr-20100110/bin/../lib/gcc/avr/7.3.0/../../../../avr/lib/avr5\libm.a(fp_round.o)
 .bss           0x000000000080008e        0x0 c:/winavr-20100110/bin/../lib/gcc/avr/7.3.0/../../../../avr/lib/avr5\libm.a(fp_split3.o)
 .bss           0x000000000080008e        0x0 c:/winavr-20100110/bin/../lib/gcc/avr/7.3.0/../../../../avr/lib/avr5\libm.a(fp_zero.o)
 .bss           0x000000000080008e        0x0 c:/winavr-20100110/bin/../lib/gcc/avr/7.3.0/../../../../avr/lib/avr5\libm.a(gesf2.o)
 .bss           0x000000000080008e        0x0 c:/winavr-20100110/bin/../lib/gcc/avr/7.3.0/../../../../avr/lib/avr5\libm.a(mulsf3.o)
 .bss           0x000000000080008e        0x0 c:/winavr-20100110/bin/../lib/gcc/avr/7.3.0/../../../../avr/lib/avr5\libm.a(mulsf3x.o)
 .bss           0x000000000080008e        0x0 c:/winavr-20100110/bin/../lib/gcc/avr/7.3.0/../../../../avr/lib/avr5\libc.a(itoa.o)
 .bss           0x000000000080008e        0x0 c:/winavr-20100110/bin/../lib/gcc/avr/7.3.0/../../../../avr/lib/avr5\libc.a(itoa_ncheck.o)
 .bss           0x000000000080008e        0x0 c:/winavr-20100110/bin/../lib/gcc/avr/7.3.0/../../../../avr/lib/avr5\libc.a(utoa_ncheck.o)
 .bss           0x000000000080008e        0x0 c:/winavr-20100110/bin/../lib/gcc/avr/7.3.0/../../../../avr/lib/avr5\libc.a(strrev.o)
 *(.bss*)
 .bss.g_Timer0CallBackPtr
                0x000000000080008e        0x2 ./MCAL/TIMER/timer.o
 .bss.g_Timer1CallBackPtr
                0x0000000000800090        0x2 ./MCAL/TIMER/timer.o
 .bss.g_Timer2CallBackPtr
                0x0000000000800092        0x2 ./MCAL/TIMER/timer.o
 .bss.g_revolutions
                0x0000000000800094        0x2 ./ECUAL/WHEELSPEED/a3144_wss.o
                0x0000000000800094                g_revolutions
 .bss.g_oneSecFlag
                0x0000000000800096        0x1 ./ECUAL/WHEELSPEED/a3144_wss.o
                0x0000000000800096                g_oneSecFlag
 .bss.g_pulsesPerSecond
                0x0000000000800097        0x2 ./ECUAL/WHEELSPEED/a3144_wss.o
                0x0000000000800097                g_pulsesPerSecond
 .bss.AC1       0x0000000000800099        0x2 ./ECUAL/BMP/bmp180.o
                0x0000000000800099                AC1
 .bss.AC2       0x000000000080009b        0x2 ./ECUAL/BMP/bmp180.o
                0x000000000080009b                AC2
 .bss.AC3       0x000000000080009d        0x2 ./ECUAL/BMP/bmp180.o
                0x000000000080009d                AC3
 .bss.B1        0x000000000080009f        0x2 ./ECUAL/BMP/bmp180.o
                0x000000000080009f                B1
 .bss.B2        0x00000000008000a1        0x2 ./ECUAL/BMP/bmp180.o
                0x00000000008000a1                B2
 .bss.MB        0x00000000008000a3        0x2 ./ECUAL/BMP/bmp180.o
                0x00000000008000a3                MB
 .bss.MC        0x00000000008000a5        0x2 ./ECUAL/BMP/bmp180.o
                0x00000000008000a5                MC
 .bss.MD        0x00000000008000a7        0x2 ./ECUAL/BMP/bmp180.o
                0x00000000008000a7                MD
 .bss.AC4       0x00000000008000a9        0x2 ./ECUAL/BMP/bmp180.o
                0x00000000008000a9                AC4
 .bss.AC5       0x00000000008000ab        0x2 ./ECUAL/BMP/bmp180.o
                0x00000000008000ab                AC5
 .bss.AC6       0x00000000008000ad        0x2 ./ECUAL/BMP/bmp180.o
                0x00000000008000ad                AC6
 .bss.X1        0x00000000008000af        0x4 ./ECUAL/BMP/bmp180.o
                0x00000000008000af                X1
 .bss.X2        0x00000000008000b3        0x4 ./ECUAL/BMP/bmp180.o
                0x00000000008000b3                X2
 .bss.B5        0x00000000008000b7        0x4 ./ECUAL/BMP/bmp180.o
                0x00000000008000b7                B5
 .bss.UT        0x00000000008000bb        0x4 ./ECUAL/BMP/bmp180.o
                0x00000000008000bb                UT
 .bss.X3        0x00000000008000bf        0x4 ./ECUAL/BMP/bmp180.o
                0x00000000008000bf                X3
 .bss.B3        0x00000000008000c3        0x4 ./ECUAL/BMP/bmp180.o
                0x00000000008000c3                B3
 .bss.B6        0x00000000008000c7        0x4 ./ECUAL/BMP/bmp180.o
                0x00000000008000c7                B6
 .bss.P         0x00000000008000cb        0x4 ./ECUAL/BMP/bmp180.o
                0x00000000008000cb                P
 .bss.UP        0x00000000008000cf        0x4 ./ECUAL/BMP/bmp180.o
                0x00000000008000cf                UP
 .bss.B4        0x00000000008000d3        0x4 ./ECUAL/BMP/bmp180.o
                0x00000000008000d3                B4
 .bss.B7        0x00000000008000d7        0x4 ./ECUAL/BMP/bmp180.o
                0x00000000008000d7                B7
 *(COMMON)
                0x00000000008000db                PROVIDE (__bss_end, .)
                0x000000000000530a                __data_load_start = LOADADDR (.data)
                0x0000000000005338                __data_load_end = (__data_load_start + SIZEOF (.data))

.noinit         0x00000000008000db        0x0
                [!provide]                        PROVIDE (__noinit_start, .)
 *(.noinit*)
                [!provide]                        PROVIDE (__noinit_end, .)
                0x00000000008000db                _end = .
                [!provide]                        PROVIDE (__heap_start, .)

.eeprom         0x0000000000810000        0x0
 *(.eeprom*)
                0x0000000000810000                __eeprom_end = .

.fuse
 *(.fuse)
 *(.lfuse)
 *(.hfuse)
 *(.efuse)

.lock
 *(.lock*)

.signature
 *(.signature*)

.user_signatures
 *(.user_signatures*)

.stab           0x0000000000000000     0x5b2c
 *(.stab)
 .stab          0x0000000000000000      0x87c ./MCAL/TWI/twi.o
 .stab          0x000000000000087c      0xad4 ./MCAL/TIMER/timer.o
                                        0xae0 (size before relaxing)
 .stab          0x0000000000001350      0xa80 ./MCAL/DIO/dio.o
                                        0xa8c (size before relaxing)
 .stab          0x0000000000001dd0      0x5c4 ./ECUAL/WHEELSPEED/a3144_wss.o
                                        0x5d0 (size before relaxing)
 .stab          0x0000000000002394     0x132c ./ECUAL/LCD/lcd.o
                                       0x14c4 (size before relaxing)
 .stab          0x00000000000036c0     0x1710 ./ECUAL/BMP/bmp180.o
                                       0x18a8 (size before relaxing)
 .stab          0x0000000000004dd0      0x8c4 ./APPLICATION/APP_EarlyDetection.o
                                        0xa68 (size before relaxing)
 .stab          0x0000000000005694      0x498 ./APPLICATION/APP_SteeringLock.o
                                        0x738 (size before relaxing)

.stabstr        0x0000000000000000     0x2403
 *(.stabstr)
 .stabstr       0x0000000000000000     0x2403 ./MCAL/TWI/twi.o

.stab.excl
 *(.stab.excl)

.stab.exclstr
 *(.stab.exclstr)

.stab.index
 *(.stab.index)

.stab.indexstr
 *(.stab.indexstr)

.comment        0x0000000000000000       0x30
 *(.comment)
 .comment       0x0000000000000000       0x30 ./MCAL/TWI/twi.o
                                         0x31 (size before relaxing)
 .comment       0x0000000000000030       0x31 ./MCAL/TIMER/timer.o
 .comment       0x0000000000000030       0x31 ./MCAL/DIO/dio.o
 .comment       0x0000000000000030       0x31 ./ECUAL/WHEELSPEED/a3144_wss.o
 .comment       0x0000000000000030       0x31 ./ECUAL/LCD/lcd.o
 .comment       0x0000000000000030       0x31 ./ECUAL/BMP/bmp180.o
 .comment       0x0000000000000030       0x31 ./APPLICATION/APP_EarlyDetection.o
 .comment       0x0000000000000030       0x31 ./APPLICATION/APP_SteeringLock.o

.note.gnu.avr.deviceinfo
                0x0000000000000000       0x3c
 .note.gnu.avr.deviceinfo
                0x0000000000000000       0x3c c:/winavr-20100110/bin/../lib/gcc/avr/7.3.0/../../../../avr/lib/avr5/crtatmega32.o

.note.gnu.build-id
 *(.note.gnu.build-id)

.debug
 *(.debug)

.line
 *(.line)

.debug_srcinfo
 *(.debug_srcinfo)

.debug_sfnames
 *(.debug_sfnames)

.debug_aranges
 *(.debug_aranges)

.debug_pubnames
 *(.debug_pubnames)

.debug_info     0x0000000000000000      0x4e6
 *(.debug_info .gnu.linkonce.wi.*)
 .debug_info    0x0000000000000000      0x4e6 c:/winavr-20100110/bin/../lib/gcc/avr/7.3.0/../../../../avr/lib/avr5/crtatmega32.o

.debug_abbrev   0x0000000000000000      0x4a3
 *(.debug_abbrev)
 .debug_abbrev  0x0000000000000000      0x4a3 c:/winavr-20100110/bin/../lib/gcc/avr/7.3.0/../../../../avr/lib/avr5/crtatmega32.o

.debug_line     0x0000000000000000       0x1a
 *(.debug_line .debug_line.* .debug_line_end)
 .debug_line    0x0000000000000000       0x1a c:/winavr-20100110/bin/../lib/gcc/avr/7.3.0/../../../../avr/lib/avr5/crtatmega32.o

.debug_frame
 *(.debug_frame)

.debug_str      0x0000000000000000      0x196
 *(.debug_str)
 .debug_str     0x0000000000000000      0x196 c:/winavr-20100110/bin/../lib/gcc/avr/7.3.0/../../../../avr/lib/avr5/crtatmega32.o

.debug_loc
 *(.debug_loc)

.debug_macinfo
 *(.debug_macinfo)

.debug_weaknames
 *(.debug_weaknames)

.debug_funcnames
 *(.debug_funcnames)

.debug_typenames
 *(.debug_typenames)

.debug_varnames
 *(.debug_varnames)

.debug_pubtypes
 *(.debug_pubtypes)

.debug_ranges
 *(.debug_ranges)

.debug_macro
 *(.debug_macro)
OUTPUT(WaterCoool.elf elf32-avr)
LOAD linker stubs
